[wedding-invi.jp/invitation/361748/e71d2806a16.html]
[wedding-invi.jp/web_assets/images/og-image-line.jpg]
[backblue.gif]
[fade.gif]
[index.html]
[wedding-invi.jp/web_assets/invitation_stylee845.css]
[wedding-invi.jp/upload_data/action_design/js/appe845.css]
[wedding-invi.jp/upload_data/action_design/css/common-actione845.css]
[wedding-invi.jp/upload_data/action_design/css/action23/stylee845.css]
[wedding-invi.jp/css/slick.css]
[wedding-invi.jp/css/slick-theme.css]
[wedding-invi.jp/web_assets/js/jquery-3.7.1.minc23c.js]
[wedding-invi.jp/js/jquery.cookiec23c.js]
[wedding-invi.jp/js/invitationc23c.js]
[wedding-invi.jp/js/frontc23c.js]
[wedding-invi.jp/js/slickc23c.js]
[wedding-invi.jp/web_assets/js/manifestc23c.js]
[wedding-invi.jp/upload_data/action_design/js/app.js]
[wedding-invi.jp/upload_data/welcome_board_image_nfs/361748/smartphone_10bd18.jpg]
[wedding-invi.jp/upload_data/welcome_board_image_nfs/361748/smartphone_11bd18.jpg]
[wedding-invi.jp/upload_data/welcome_board_image_nfs/361748/smartphone_127e2c.jpg]
[wedding-invi.jp/upload_data/action_design/img/action23/ttl_host.png]
[wedding-invi.jp/upload_data/welcome_board_image_nfs/361748/smartphone_20e13f.jpg]
[wedding-invi.jp/upload_data/action_design/img/action23/ttl_01.png]
[wedding-invi.jp/upload_data/welcome_board_image_nfs/361748/smartphone_21d43f.jpg]
[wedding-invi.jp/upload_data/action_design/img/action23/ttl_02.png]
[wedding-invi.jp/upload_data/action_design/img/action23/ttl_03.png]
[wedding-invi.jp/upload_data/action_design/img/action23/ttl_04.png]
[wedding-invi.jp/upload_data/action_design/img/action23/ttl_05.png]
[wedding-invi.jp/upload_data/welcome_board_image_nfs/361748/smartphone_408247.jpg]
[wedding-invi.jp/upload_data/welcome_board_image_nfs/361748/smartphone_418247.jpg]
[wedding-invi.jp/upload_data/welcome_board_image_nfs/361748/smartphone_428247.jpg]
[wedding-invi.jp/upload_data/welcome_board_image_nfs/361748/smartphone_433afc.jpg]
[wedding-invi.jp/upload_data/welcome_board_image_nfs/361748/smartphone_443334.jpg]
[wedding-invi.jp/upload_data/welcome_board_image_nfs/361748/smartphone_453334.jpg]
[wedding-invi.jp/upload_data/welcome_board_image_nfs/361748/smartphone_463334.jpg]
[wedding-invi.jp/upload_data/welcome_board_image_nfs/361748/smartphone_47ca0e.jpg]
[wedding-invi.jp/upload_data/welcome_board_image_nfs/361748/smartphone_4848e4.jpg]
[wedding-invi.jp/upload_data/welcome_board_image_nfs/361748/smartphone_4948e4.jpg]
[wedding-invi.jp/upload_data/action_design/img/action23/ttl_06.png]
[wedding-invi.jp/upload_data/welcome_board_image_nfs/361748/smartphone_80_0c52a.png]
[wedding-invi.jp/invitation/361748/e71d2806a16.html]
[wedding-invi.jp/web_assets/invitation_stylee845.css]
[wedding-invi.jp/upload_data/action_design/js/appe845.css]
[wedding-invi.jp/upload_data/action_design/img/bg_exclamation_mark.png]
[wedding-invi.jp/upload_data/action_design/css/common-actione845.css]
[wedding-invi.jp/upload_data/action_design/img/action21/leaf_01.png]
[wedding-invi.jp/upload_data/action_design/img/action21/leaf_02.png]
[wedding-invi.jp/upload_data/action_design/img/action21/leaf_03.png]
[wedding-invi.jp/upload_data/action_design/img/action21/leaf_04.png]
[wedding-invi.jp/upload_data/action_design/img/action21/leaf_05.png]
[wedding-invi.jp/upload_data/action_design/img/action21/leaf_06.png]
[wedding-invi.jp/upload_data/action_design/img/action1/navigation-bg-head@2x.png]
[wedding-invi.jp/upload_data/action_design/img/action1/navigation-bg-foot@2x.png]
[wedding-invi.jp/upload_data/action_design/img/action23/btn_back.png]
[wedding-invi.jp/upload_data/action_design/img/action1/heading2-bg-bottom@2x.png]
[wedding-invi.jp/upload_data/action_design/img/action14/slider_after.png]
[wedding-invi.jp/upload_data/action_design/img/action23/bg_introhost.png]
[wedding-invi.jp/upload_data/action_design/img/action23/bg_02.png]
[wedding-invi.jp/upload_data/action_design/img/action23/bg_infomessage.png]
[wedding-invi.jp/upload_data/action_design/img/action18/open12.jpg]
[wedding-invi.jp/upload_data/action_design/css/action23/stylee845.css]
[wedding-invi.jp/css/slick.css]
[wedding-invi.jp/css/fonts/slick.html]
[wedding-invi.jp/css/fonts/slickd41d.html]
[wedding-invi.jp/css/fonts/slick-2.html]
[wedding-invi.jp/css/fonts/slick-3.html]
[wedding-invi.jp/css/slick-theme.css]
[wedding-invi.jp/css/fonts/slick-4.html]
[wedding-invi.jp/css_ap/style980d.css]
[wedding-invi.jp/css_ap/system_style980d.css]
[wedding-invi.jp/web_assets/jquery-ui.min980d.css]
[wedding-invi.jp/web_assets/js/jquery-ui.minc23c.js]
[wedding-invi.jp/js/tapimagec23c.js]
[s.yimg.jp/images/listing/tool/cv/conversion.js]
[wedding-invi.jp/css/fonts/slick.html]
[wedding-invi.jp/css/fonts/slickd41d.html]
[wedding-invi.jp/css/fonts/slick-2.html]
[wedding-invi.jp/css/fonts/slick-3.html]
[wedding-invi.jp/css/fonts/slick-4.html]
[wedding-invi.jp/image_ap/btn/bg_arw.png]
[wedding-invi.jp/image_ap/btn/bg_arw_hover.png]
[wedding-invi.jp/image_ap/btn/bg_arw2_back.png]
[wedding-invi.jp/image_ap/btn/bg_arw2_back_hover.png]
[wedding-invi.jp/image_ap/btn/bg_arw2_back_2.png]
[wedding-invi.jp/image_ap/btn/bg_arw2_back_2_hover.png]
[wedding-invi.jp/image_ap/btn/bg_arw2.png]
[wedding-invi.jp/image_ap/btn/bg_arw_hover2.png]
[wedding-invi.jp/web_assets/images/invi/c_01.png]
[wedding-invi.jp/web_assets/images/invi/c_02.png]
[wedding-invi.jp/web_assets/images/invi/c_03.png]
[wedding-invi.jp/web_assets/images/invi/c_04.png]
[wedding-invi.jp/image_ap/btn/bg_arw_2.png]
[wedding-invi.jp/css_ap/style980d.css]
[wedding-invi.jp/image_ap/maedori/arrow_right.png]
[wedding-invi.jp/files/shuketu_icon02.png]
[wedding-invi.jp/image_ap/tableftI.gif]
[wedding-invi.jp/image_ap/tabrightI.gif]
[wedding-invi.jp/css_ap/system_style980d.css]
[wedding-invi.jp/web_assets/images/ui-icons_444444_256x240.png]
[wedding-invi.jp/web_assets/images/ui-icons_555555_256x240.png]
[wedding-invi.jp/web_assets/images/ui-icons_ffffff_256x240.png]
[wedding-invi.jp/web_assets/images/ui-icons_777620_256x240.png]
[wedding-invi.jp/web_assets/images/ui-icons_cc0000_256x240.png]
[wedding-invi.jp/web_assets/images/ui-icons_777777_256x240.png]
[wedding-invi.jp/web_assets/jquery-ui.min980d.css]
